ev-error# (  --  n ) 
ev-reported-error# (  --  n ) 
ev-no-fileid (  --  n ) 
ev-current-diagnostic (  --  a-addr ) 
ev-diagnostic-count (  --  a-addr ) 
ev-current-program-token (  --  a-addr ) 
ev-log-fileid (  --  a-addr ) 
ev-throw ( x  --  ) 
ev-xalloc ( n  --  a-addr ) 
ev-xresize ( a-addr n  --  a-addr ) 
ev-max ( n[1] n[1]  --  n[1] ) 
ev-slen@ ( a-addr[1]  --  n ) 
ev-s@ ( a-addr[1]  --  a-addr[2] n[3] ) 
ev-scopy ( addr u[1]  --  x ) 
ev-sdup ( a-addr[1]  --  x ) 
ev-sfrom-char ( x  --  x ) 
ev-sempty (  --  x ) 
ev-sspace (  --  x ) 
ev-s. ( a-addr[1]  --  ) 
ev-scat2 ( x x  --  x ) 
ev-u>sptr ( n  --  x ) 
ev-s= ( a-addr[2] x[1]  --  flag ) 
ev-char-space? ( x  --  x ) 
ev-upchar ( x  --  x ) 
ev-trim-range ( c-addr[2] u[1]  --  c-addr[2] u[1] ) 
ev-canon-word ( c-addr[2] u[1]  --  x ) 
ev-canon-sptr ( a-addr[1]  --  x ) 
ev-v.count (  --  n ) 
ev-v.cap (  --  n ) 
ev-v.data (  --  n ) 
/ev-vec (  --  n ) 
ev-vec-new ( n[1]  --  x ) 
ev-vec-count@ ( n  --  x ) 
ev-vec-cap@ ( n  --  x ) 
ev-vec-data@ ( n  --  x ) 
ev-vec-grow ( x  --  ) 
ev-vec-ensure ( n[2] n[1]  --  ) 
ev-vec-push ( x x  --  ) 
ev-vec@ ( n[1] n  --  x ) 
ev-vec-last@ ( n[1]  --  x ) 
ev-vec-set ( x n[1] n  --  ) 
ev-vec-remove-last ( n[1]  --  ) 
ev-span.source (  --  n ) 
ev-span.sline (  --  n ) 
ev-span.scol (  --  n ) 
ev-span.eline (  --  n ) 
ev-span.ecol (  --  n ) 
/ev-span (  --  n ) 
ev-span-new ( x x x x x  --  x ) 
ev-span-cover ( x x  --  x ) 
ev-span-has-location? ( n[1]  --  flag ) 
ev-span-start. ( n[1]  --  ) 
ev-word.text (  --  n ) 
ev-word.span (  --  n ) 
ev-word.quoted (  --  n ) 
/ev-word (  --  n ) 
ev-word-new ( x x x  --  x ) 
ev-word-text@ ( n  --  x ) 
ev-word-span@ ( n  --  x ) 
ev-word-quoted? ( n  --  flag ) 
ev-current-source-lines (  --  a-addr ) 
ev-diag.msg (  --  n ) 
ev-diag.reason (  --  n ) 
ev-diag.span (  --  n ) 
ev-diag.line (  --  n ) 
ev-diag.marker (  --  n ) 
/ev-diag (  --  n ) 
ev-source-line@ ( x  --  x ) 
ev-marker-line ( x  --  x ) 
ev-diag-new ( x x x  --  x ) 
ev-error-msg ( x x x  --  ) 
ev-diag. ( x  --  ) 
ev-log-open? (  --  flag ) 
ev-log-write-raw ( x x  --  ) 
ev-log-write-s ( x  --  ) 
ev-log-cr (  --  ) 
ev-log-span-start ( x  --  ) 
ev-log-diagnostic ( x  --  ) 
ev-log-close (  --  ) 
ev-report-current-diagnostic (  --  ) 
ev-sc.name (  --  n ) 
ev-sc.text (  --  n ) 
ev-sc.addr (  --  n ) 
ev-sc.len (  --  n ) 
ev-sc.lines (  --  n ) 
ev-sc.off (  --  n ) 
ev-sc.line (  --  n ) 
ev-sc.col (  --  n ) 
ev-sc.lastline (  --  n ) 
ev-sc.lastcol (  --  n ) 
/ev-sc (  --  n ) 
ev-normalize-file-text ( x  --  x ) 
ev-file>sptr ( x x  --  x ) 
ev-split-lines ( x  --  x ) 
ev-sc-new ( x x  --  x ) 
ev-sc-from-file ( a-addr[1]  --  x ) 
ev-sc-at-end? ( n[1]  --  flag ) 
ev-sc-char@ ( n[1]  --  char ) 
ev-sc-advance ( n[1]  --  ) 
ev-sc-position-span ( x  --  x ) 
ev-stop-char? ( x x x  --  x ) 
ev-sc-line-comment ( x  --  ) 
ev-sc-skip-whitespace ( x  --  ) 
ev-sc-skip-ignorable ( x  --  ) 
ev-substr>sptr ( x x x  --  x ) 
ev-sc-finish-quoted ( x x x x x x  --  n ) 
ev-sc-finish-until ( x x x x x x x x x  --  n ) 
ev-sc-read-word ( x x x  --  x ) 
ev-sc-read-program-word ( x x x  --  x ) 
ev-sc-read-quoted ( x  --  x ) 
ev-sc-read-atom ( x x x  --  x ) 
ev-sc-next-word ( x x x  --  x ) 
ev-sc-next-program-word ( x x x  --  x ) 
ev-sc-next-line-atoms ( x  --  x ) 
ev-sc-starts-with ( x x x  --  x ) 
ev-sc-parse-until ( x x  --  x ) 
ev-alias.name (  --  n ) 
ev-alias.index (  --  n ) 
/ev-alias (  --  n ) 
ev-alias-new ( x x  --  x ) 
ev-rel.sub (  --  n ) 
ev-rel.super (  --  n ) 
ev-rel.span (  --  n ) 
/ev-rel (  --  n ) 
ev-rel-new ( x x x  --  x ) 
ev-scanner.key (  --  n ) 
ev-scanner.delim (  --  n ) 
/ev-scanner (  --  n ) 
ev-scanner-new ( x x  --  x ) 
ev-ts.source (  --  n ) 
ev-ts.lines (  --  n ) 
ev-ts.types (  --  n ) 
ev-ts.aliases (  --  n ) 
ev-ts.rel-size (  --  n ) 
ev-ts.rel-matrix (  --  n ) 
ev-ts.scanners (  --  n ) 
/ev-ts (  --  n ) 
ev-ts-new ( x x x x x x x  --  x ) 
ev-ts-type-count ( n  --  x ) 
ev-ts-rel-addr ( x x x  --  x ) 
ev-ts-rel@ ( x x x  --  x ) 
ev-ts-rel! ( x x x x  --  ) 
ev-ts-alias-index ( x x  --  x ) 
ev-ts-contains? ( x x  --  flag ) 
ev-ts-add-alias ( x x x x  --  ) 
ev-token-unquoted= ( x x x  --  x ) 
ev-line-first ( n[1]  --  x ) 
ev-ts-add-relation ( x x x x  --  ) 
ev-ts-add-scanner ( x x x x  --  ) 
ev-ts-scanner-delim ( x x  --  x ) 
ev-ts-normalize ( x  --  ) 
ev-ts-relation ( x x x  --  x ) 
ev-ts-parse-line ( x x x x x  --  ) 
ev-ts-load ( x  --  x ) 
ev-parse.none (  --  n ) 
ev-parse.until (  --  n ) 
ev-parse.word (  --  n ) 
ev-parse.definition (  --  n ) 
ev-define.none (  --  n ) 
ev-define.colon (  --  n ) 
ev-define.constant (  --  n ) 
ev-define.variable (  --  n ) 
ev-state.any (  --  n ) 
ev-state.interpret (  --  n ) 
ev-state.compile (  --  n ) 
ev-sym.type (  --  n ) 
ev-sym.pos (  --  n ) 
ev-sym.explicit (  --  n ) 
/ev-sym (  --  n ) 
ev-sym-new ( x x x  --  x ) 
ev-sym-clone ( n[1]  --  x ) 
ev-sym= ( x x  --  x ) 
ev-spec.left (  --  n ) 
ev-spec.right (  --  n ) 
ev-spec.parse-string (  --  n ) 
ev-spec.parse-mode (  --  n ) 
ev-spec.define-mode (  --  n ) 
ev-spec.control-mode (  --  n ) 
ev-spec.immediate (  --  n ) 
ev-spec.state-mode (  --  n ) 
ev-spec.source (  --  n ) 
ev-spec.origin (  --  n ) 
ev-spec.max-pos (  --  n ) 
/ev-spec (  --  n ) 
ev-spec-new ( x x  --  x ) 
ev-sym-vec-clone ( x  --  x ) 
ev-spec-clone ( x  --  x ) 
ev-spec-with-origin ( x x x  --  x ) 
ev-spec-with-parse ( x x x  --  x ) 
ev-spec-with-define ( x x  --  x ) 
ev-spec-with-control ( x x  --  x ) 
ev-spec-with-immediate ( x x  --  x ) 
ev-spec-with-state ( x x  --  x ) 
ev-spec-left-count ( n  --  x ) 
ev-spec-right-count ( n  --  x ) 
ev-parse-uint ( x x  --  x x ) 
ev-ts-check-type ( x x x  --  ) 
ev-spec-max-pos ( x  --  x ) 
ev-parse-type-symbol ( x x x  --  x ) 
ev-tokenize-type-side ( x  --  x ) 
ev-parse-type-list ( x x x  --  x ) 
ev-find-arrow ( x  --  x ) 
ev-parse-spec-body ( x x x  --  x ) 
ev-spec-substitute-vec ( x x x  --  x ) 
ev-spec-substitute ( x x x  --  x ) 
ev-spec-list-substitute ( x x x  --  ) 
ev-spec-increment-wild-vec ( x x  --  ) 
ev-spec-increment-wild ( x x  --  ) 
ev-spec-copy-left ( n  --  x ) 
ev-spec-copy-right ( n  --  x ) 
ev-vec-prepend-clones ( x x  --  x ) 
ev-spec-from-sides ( x x x  --  x ) 
ev-sl-cmax (  --  a-addr ) 
ev-sl-conf-prefix (  --  a-addr ) 
ev-sl-conf-incoming (  --  a-addr ) 
ev-sl-conf-actual (  --  a-addr ) 
ev-sl-conf-expected (  --  a-addr ) 
ev-eval-result (  --  a-addr ) 
ev-sl-clear-conflict (  --  ) 
ev-sl-record-conflict ( x x x x  --  ) 
ev-norm.key (  --  n ) 
ev-norm.count (  --  n ) 
ev-norm.assigned (  --  n ) 
ev-norm.explicit (  --  n ) 
/ev-norm (  --  n ) 
ev-norm-new ( x  --  x ) 
ev-find-norm ( x x  --  x ) 
ev-norm-touch ( x x  --  x ) 
ev-needs-index? ( n[1]  --  flag ) 
ev-add-norm-pass1 ( x x  --  ) 
ev-add-norm-pass2 ( x x x  --  x ) 
ev-scan-norm-pass1-vec ( x x  --  ) 
ev-scan-norm-pass2-left ( x x x  --  x ) 
ev-scan-norm-pass2-right ( x x x  --  x ) 
ev-sym>sptr ( x  --  x ) 
ev-sym-vec>sptr ( x  --  x ) 
ev-spec>sptr ( x  --  x ) 
ev-log-definition ( x x  --  ) 
ev-spec-list-normalize ( x x  --  x ) 
ev-spec-normalize-self ( x  --  x ) 
ev-winner-sym ( x x x  --  x ) 
ev-spec-multiply ( x x x x  --  x ) 
ev-spec-list-evaluate ( x x  --  x ) 
ev-new-merged-sym ( x x x x  --  x x ) 
ev-spec-cprefix ( x x x  --  x ) 
ev-spec-unify-side ( x x x x x x x  --  x x ) 
ev-spec-unify ( x x x  --  x ) 
ev-spec-glb ( x x x  --  x ) 
ev-spistar.tmp (  --  a-addr ) 
ev-spec-pistar ( x x  --  x ) 
ev-entry.key (  --  n ) 
ev-entry.surface (  --  n ) 
ev-entry.value (  --  n ) 
/ev-entry (  --  n ) 
ev-entry-new ( x x x  --  x ) 
ev-expr.empty (  --  n ) 
ev-expr.segment (  --  n ) 
ev-expr.control (  --  n ) 
ev-expr.seq (  --  n ) 
ev-expr.glb (  --  n ) 
ev-expr.star (  --  n ) 
ev-expr.kind (  --  n ) 
ev-expr.a (  --  n ) 
ev-expr.b (  --  n ) 
/ev-expr (  --  n ) 
ev-expr-new ( x x x  --  x ) 
ev-empty-expr (  --  x ) 
ev-segment-expr ( x  --  x ) 
ev-control-expr ( x  --  x ) 
ev-seq-expr ( x  --  x ) 
ev-glb-expr ( x x  --  x ) 
ev-star-expr ( x  --  x ) 
ev-struct.name (  --  n ) 
ev-struct.open (  --  n ) 
ev-struct.boundaries (  --  n ) 
ev-struct.optional (  --  n ) 
ev-struct.close (  --  n ) 
ev-struct.segments (  --  n ) 
ev-struct.meaning (  --  n ) 
/ev-struct (  --  n ) 
ev-struct-new ( x x x x x x x  --  x ) 
ev-struct-boundary-count ( n  --  x ) 
ev-struct-boundary@ ( x x  --  x ) 
ev-struct-optional? ( x x  --  x ) 
ev-struct-segment-index ( x x  --  x ) 
ev-struct-same-signature? ( x x  --  x ) 
ev-ss.words (  --  n ) 
ev-ss.literals (  --  n ) 
ev-ss.structures (  --  n ) 
/ev-ss (  --  n ) 
ev-ss-new (  --  x ) 
ev-ss-find-entry ( x x  --  x ) 
ev-ss-find-word-entry ( x x  --  x ) 
ev-ss-find-literal-entry ( x x  --  x ) 
ev-ss-word@ ( x x  --  x ) 
ev-ss-literal@ ( x x  --  x ) 
ev-ss-add-entry ( x x x x  --  ) 
ev-ss-add-word ( x x x x  --  ) 
ev-ss-add-literal ( x x x x  --  ) 
ev-ss-set-word ( x x x  --  ) 
ev-ss-add-structure ( x x  --  ) 
ev-ss-open-structures ( x x  --  x ) 
ev-ss-role-entry ( x x  --  x ) 
ev-word-text= ( x x x  --  x ) 
ev-key= ( x x x  --  x ) 
ev-word-directive-text= ( x x x  --  x ) 
ev-canon-segment-name ( x  --  x ) 
ev-metasymbol-name ( x  --  x ) 
ev-line-range>sptr ( x x x  --  x ) 
ev-append-line ( x x  --  x ) 
ev-ctl-tokenize ( x  --  x ) 
ev-seq-collapse ( x  --  x ) 
ev-effect-atom ( x  --  x ) 
ev-parse-effect-line ( x  --  x ) 
ev-lines>sptr ( x  --  x ) 
ev-parse-control-meaning ( x  --  x ) 
ev-parse-control-syntax ( x  --  x ) 
ev-ss-install-builtin-if ( x  --  ) 
ev-ss-install-builtin-while ( x  --  ) 
ev-ss-install-builtin-again ( x  --  ) 
ev-ss-install-builtin-until ( x  --  ) 
ev-ss-install-builtin-do ( x  --  ) 
ev-ss-install-builtins ( x  --  ) 
ev-parse-mode-from ( x  --  x ) 
ev-define-mode-from ( x  --  x ) 
ev-state-mode-from ( x  --  x ) 
ev-parse-mode-needs-arg? ( x  --  x ) 
ev-clause-starter? ( x  --  x ) 
ev-resolve-parse-string ( x x  --  x ) 
ev-line-find-close ( x x  --  x ) 
ev-infer-define-mode ( x x  --  x ) 
ev-validate-define-shape ( x x x  --  ) 
ev-parse-word-spec-line ( x x x  --  ) 
ev-parse-literal-line ( x x x  --  ) 
ev-parse-syntax-block ( x x x x  --  x ) 
ev-ss-load ( x x  --  x ) 
ev-prog.name (  --  n ) 
ev-prog.text (  --  n ) 
ev-prog.lines (  --  n ) 
ev-prog.words (  --  n ) 
ev-prog.spans (  --  n ) 
ev-prog.specs (  --  n ) 
/ev-prog (  --  n ) 
ev-prog-new ( x x x  --  x ) 
ev-prog-add-word ( x x x x  --  ) 
ev-spec-consumes-until? ( x  --  x ) 
ev-spec-consumes-word? ( x  --  x ) 
ev-spec-defines-word? ( x  --  x ) 
ev-spec-is-control? ( x  --  x ) 
ev-spec-is-immediate? ( x  --  x ) 
ev-spec-effective-state ( x  --  x ) 
ev-spec-allowed-interpret? ( x  --  x ) 
ev-runtime-clone ( x  --  x ) 
ev-current-locals (  --  a-addr ) 
ev-current-local-pos (  --  a-addr ) 
ev-current-local-seed (  --  a-addr ) 
ev-current-local-seed-index (  --  a-addr ) 
ev-local-find-entry ( x  --  x ) 
ev-token-is-local? ( x  --  x ) 
ev-token-is-recurse? ( x  --  x ) 
ev-local-declaration? ( x x  --  x ) 
ev-parse-local-names ( x  --  x ) 
ev-local-read-spec ( x  --  x ) 
ev-local-read-spec-from-sym ( x  --  x ) 
ev-local-fresh-sym (  --  x ) 
ev-local-next-sym (  --  x ) 
ev-consume-local-declaration ( x x x  --  n[1] n[2] ) 
ev-next-prog-word ( x  --  x ) 
ev-int-literal? ( x  --  x ) 
ev-double-literal? ( x  --  x ) 
ev-recurse-runtime-spec ( x  --  x ) 
ev-control-runtime-spec ( x x x x  --  x ) 
ev-resolve-runtime-spec ( x x x x  --  x ) 
ev-consume-parser-input ( x x x  --  x ) 
ev-definition-end-spec? ( x  --  x ) 
ev-definition-starter-token? ( x x  --  x ) 
ev-ipi.tok (  --  a-addr ) 
ev-ipi.spec (  --  a-addr ) 
ev-ipi.sc (  --  a-addr ) 
ev-ignore-parser-input-worker (  --  ) 
ev-ignore-parser-input-error ( x x x  --  ) 
ev-skip-recovery-payload ( x x x  --  ) 
ev-recover-definition ( x x x x  --  ) 
ev-recover-top-level ( x x x x  --  ) 
ev-seq-add ( x x x x  --  ) 
ev-current-program-span (  --  n ) 
ev-spec-list-clone ( x  --  x ) 
ev-seq-evaluate ( x x x  --  x ) 
ev-sac.seq (  --  a-addr ) 
ev-sac.context (  --  a-addr ) 
ev-sac.ts (  --  a-addr ) 
ev-seq-add-checked-worker (  --  ) 
ev-seq-add-checked ( x x x x x x  --  ) 
ev-control-close-match? ( x x x  --  x ) 
ev-pds.defname (  --  a-addr ) 
ev-pds.sc (  --  a-addr ) 
ev-pds.ts (  --  a-addr ) 
ev-pds.ss (  --  a-addr ) 
ev-pds.depth (  --  a-addr ) 
ev-pds.close (  --  a-addr ) 
ev-pds.result (  --  a-addr ) 
ev-pds.seqvec (  --  a-addr ) 
ev-pds.pending-spec (  --  a-addr ) 
ev-pds.have-pending-spec (  --  a-addr ) 
ev-filter-boundary-candidates ( x x x  --  x ) 
ev-filter-close-candidates ( x x x  --  x ) 
ev-structure-label ( x  --  x ) 
ev-ese.seqvec (  --  a-addr ) 
ev-eval-structure-expr ( x x x x x x  --  x ) 
ev-parse-definition-structure ( x x x x x x x  --  x ) 
ev-parse-definition-seq ( x x x x x x  --  x ) 
ev-parse-definition-seq-worker (  --  ) 
ev-definition-boundary-name? ( x x  --  x ) 
ev-next-defined-name ( x x x  --  x ) 
ev-vec-push-implicit-sym ( x x  --  ) 
ev-type-input-spec ( x  --  x ) 
ev-type-output-spec ( x  --  x ) 
ev-generic-placeholder-spec ( x x  --  x ) 
ev-local-doc-counts ( x  --  x x ) 
ev-sc-clone ( x  --  x ) 
ev-forward-next-prog-word ( x  --  x ) 
ev-documented-definition-placeholder ( x x x  --  x ) 
ev-forward-placeholder ( x x x x x  --  x ) 
ev-definition-terminator ( x  --  x ) 
ev-definition-close-token? ( x x x  --  x ) 
ev-forward-skip-immediate ( x x  --  ) 
ev-skip-forward-definition-body ( x x x  --  ) 
ev-seed-forward-definitions ( x x x x  --  ) 
ev-prog-add-hidden ( x x x x  --  ) 
ev-prog-discard-last ( x  --  ) 
ev-parse-definition ( x x x x x  --  ) 
ev-parse-top-level-constant ( x x x x x x  --  ) 
ev-parse-top-level-variable ( x x x x x  --  ) 
ev-prog-current-effect ( x x  --  x ) 
ev-pacw.prog (  --  a-addr ) 
ev-pacw.ts (  --  a-addr ) 
ev-prog-add-checked-worker (  --  ) 
ev-prog-add-checked-word ( x x x x x  --  ) 
ev-prog-words>sptr ( x  --  x ) 
ev-annotate. ( x x x  --  ) 
ev-parse-program-token ( x x x x x x  --  ) 
ev-ppt.tok (  --  a-addr ) 
ev-ppt.spec (  --  a-addr ) 
ev-ppt.sc (  --  a-addr ) 
ev-ppt.ts (  --  a-addr ) 
ev-ppt.ss (  --  a-addr ) 
ev-ppt.prog (  --  a-addr ) 
ev-parse-program-token-worker (  --  ) 
ev-parse-program ( x x x x  --  x ) 
ev-cfg.types (  --  n ) 
ev-cfg.specs (  --  n ) 
ev-cfg.prog (  --  n ) 
ev-cfg.words (  --  n ) 
/ev-cfg (  --  n ) 
ev-log-path ( x  --  x ) 
ev-log-open ( x  --  ) 
ev-cfg-new (  --  x ) 
ev-args-usage (  --  x ) 
ev-file-exists? ( a-addr[1]  --  flag ) 
ev-default-files-exist? ( x  --  x ) 
ev-args-words>sptr ( x  --  x ) 
ev-cli-prog-name ( x  --  x ) 
ev-cli-prog-text ( x  --  x ) 
ev-parse-args (  --  x ) 
ev-run-native (  --  ) 
ev-main (  --  n ) 
